Archive member included to satisfy reference by file (symbol)

/opt/gcc-arm-none-eabi-5_4-2016q2/bin/../lib/gcc/arm-none-eabi/5.4.1/../../../../arm-none-eabi/lib/armv7e-m/libg.a(lib_a-exit.o)
                              /opt/gcc-arm-none-eabi-5_4-2016q2/bin/../lib/gcc/arm-none-eabi/5.4.1/../../../../arm-none-eabi/lib/armv7e-m/crt0.o (exit)
/opt/gcc-arm-none-eabi-5_4-2016q2/bin/../lib/gcc/arm-none-eabi/5.4.1/../../../../arm-none-eabi/lib/armv7e-m/libg.a(lib_a-impure.o)
                              /opt/gcc-arm-none-eabi-5_4-2016q2/bin/../lib/gcc/arm-none-eabi/5.4.1/../../../../arm-none-eabi/lib/armv7e-m/libg.a(lib_a-exit.o) (_global_impure_ptr)
/opt/gcc-arm-none-eabi-5_4-2016q2/bin/../lib/gcc/arm-none-eabi/5.4.1/../../../../arm-none-eabi/lib/armv7e-m/libg.a(lib_a-init.o)
                              /opt/gcc-arm-none-eabi-5_4-2016q2/bin/../lib/gcc/arm-none-eabi/5.4.1/../../../../arm-none-eabi/lib/armv7e-m/crt0.o (__libc_init_array)
/opt/gcc-arm-none-eabi-5_4-2016q2/bin/../lib/gcc/arm-none-eabi/5.4.1/../../../../arm-none-eabi/lib/armv7e-m/libg.a(lib_a-memset.o)
                              /opt/gcc-arm-none-eabi-5_4-2016q2/bin/../lib/gcc/arm-none-eabi/5.4.1/../../../../arm-none-eabi/lib/armv7e-m/crt0.o (memset)
/opt/gcc-arm-none-eabi-5_4-2016q2/bin/../lib/gcc/arm-none-eabi/5.4.1/../../../../arm-none-eabi/lib/armv7e-m/libg.a(lib_a-__call_atexit.o)
                              /opt/gcc-arm-none-eabi-5_4-2016q2/bin/../lib/gcc/arm-none-eabi/5.4.1/../../../../arm-none-eabi/lib/armv7e-m/libg.a(lib_a-exit.o) (__call_exitprocs)
/opt/gcc-arm-none-eabi-5_4-2016q2/bin/../lib/gcc/arm-none-eabi/5.4.1/../../../../arm-none-eabi/lib/armv7e-m/libg.a(lib_a-atexit.o)
                              /opt/gcc-arm-none-eabi-5_4-2016q2/bin/../lib/gcc/arm-none-eabi/5.4.1/../../../../arm-none-eabi/lib/armv7e-m/libg.a(lib_a-__call_atexit.o) (atexit)
/opt/gcc-arm-none-eabi-5_4-2016q2/bin/../lib/gcc/arm-none-eabi/5.4.1/../../../../arm-none-eabi/lib/armv7e-m/libg.a(lib_a-fini.o)
                              /opt/gcc-arm-none-eabi-5_4-2016q2/bin/../lib/gcc/arm-none-eabi/5.4.1/../../../../arm-none-eabi/lib/armv7e-m/libg.a(lib_a-__call_atexit.o) (__libc_fini_array)
/opt/gcc-arm-none-eabi-5_4-2016q2/bin/../lib/gcc/arm-none-eabi/5.4.1/../../../../arm-none-eabi/lib/armv7e-m/libg.a(lib_a-__atexit.o)
                              /opt/gcc-arm-none-eabi-5_4-2016q2/bin/../lib/gcc/arm-none-eabi/5.4.1/../../../../arm-none-eabi/lib/armv7e-m/libg.a(lib_a-atexit.o) (__register_exitproc)

Discarded input sections

 .text          0x00000000        0x0 /opt/gcc-arm-none-eabi-5_4-2016q2/bin/../lib/gcc/arm-none-eabi/5.4.1/armv7e-m/crti.o
 .data          0x00000000        0x0 /opt/gcc-arm-none-eabi-5_4-2016q2/bin/../lib/gcc/arm-none-eabi/5.4.1/armv7e-m/crti.o
 .bss           0x00000000        0x0 /opt/gcc-arm-none-eabi-5_4-2016q2/bin/../lib/gcc/arm-none-eabi/5.4.1/armv7e-m/crti.o
 .data          0x00000000        0x4 /opt/gcc-arm-none-eabi-5_4-2016q2/bin/../lib/gcc/arm-none-eabi/5.4.1/armv7e-m/crtbegin.o
 .text          0x00000000       0x74 /opt/gcc-arm-none-eabi-5_4-2016q2/bin/../lib/gcc/arm-none-eabi/5.4.1/../../../../arm-none-eabi/lib/armv7e-m/crt0.o
 .data          0x00000000        0x0 /opt/gcc-arm-none-eabi-5_4-2016q2/bin/../lib/gcc/arm-none-eabi/5.4.1/../../../../arm-none-eabi/lib/armv7e-m/crt0.o
 .bss           0x00000000        0x0 /opt/gcc-arm-none-eabi-5_4-2016q2/bin/../lib/gcc/arm-none-eabi/5.4.1/../../../../arm-none-eabi/lib/armv7e-m/crt0.o
 .ARM.extab     0x00000000        0x0 /opt/gcc-arm-none-eabi-5_4-2016q2/bin/../lib/gcc/arm-none-eabi/5.4.1/../../../../arm-none-eabi/lib/armv7e-m/crt0.o
 .ARM.exidx     0x00000000        0x8 /opt/gcc-arm-none-eabi-5_4-2016q2/bin/../lib/gcc/arm-none-eabi/5.4.1/../../../../arm-none-eabi/lib/armv7e-m/crt0.o
 .ARM.attributes
                0x00000000       0x1c /opt/gcc-arm-none-eabi-5_4-2016q2/bin/../lib/gcc/arm-none-eabi/5.4.1/../../../../arm-none-eabi/lib/armv7e-m/crt0.o
 .group         0x00000000        0x8 build/src/main.o
 .group         0x00000000        0x8 build/src/main.o
 .group         0x00000000        0x8 build/src/main.o
 .group         0x00000000        0x8 build/src/main.o
 .group         0x00000000        0x8 build/src/main.o
 .group         0x00000000        0x8 build/src/main.o
 .group         0x00000000        0x8 build/src/main.o
 .group         0x00000000        0x8 build/src/main.o
 .group         0x00000000        0x8 build/src/main.o
 .group         0x00000000        0x8 build/src/main.o
 .group         0x00000000        0x8 build/src/main.o
 .group         0x00000000        0x8 build/src/main.o
 .text          0x00000000        0x0 build/src/main.o
 .data          0x00000000        0x0 build/src/main.o
 .bss           0x00000000        0x0 build/src/main.o
 .text.delay    0x00000000       0x20 build/src/main.o
 .bss.counter.5574
                0x00000000        0x4 build/src/main.o
 .group         0x00000000        0x8 build/src/system_stm32f4xx.o
 .group         0x00000000        0x8 build/src/system_stm32f4xx.o
 .group         0x00000000        0x8 build/src/system_stm32f4xx.o
 .group         0x00000000        0x8 build/src/system_stm32f4xx.o
 .group         0x00000000        0x8 build/src/system_stm32f4xx.o
 .group         0x00000000        0x8 build/src/system_stm32f4xx.o
 .group         0x00000000        0x8 build/src/system_stm32f4xx.o
 .group         0x00000000        0x8 build/src/system_stm32f4xx.o
 .group         0x00000000        0x8 build/src/system_stm32f4xx.o
 .group         0x00000000        0x8 build/src/system_stm32f4xx.o
 .group         0x00000000        0x8 build/src/system_stm32f4xx.o
 .group         0x00000000        0x8 build/src/system_stm32f4xx.o
 .group         0x00000000        0x8 build/src/system_stm32f4xx.o
 .group         0x00000000        0x8 build/src/system_stm32f4xx.o
 .text          0x00000000        0x0 build/src/system_stm32f4xx.o
 .data          0x00000000        0x0 build/src/system_stm32f4xx.o
 .bss           0x00000000        0x0 build/src/system_stm32f4xx.o
 .text.SystemCoreClockUpdate
                0x00000000       0xa4 build/src/system_stm32f4xx.o
 .data.AHBPrescTable
                0x00000000       0x10 build/src/system_stm32f4xx.o
 .data.SystemCoreClock
                0x00000000        0x4 build/src/system_stm32f4xx.o
 .debug_macro   0x00000000       0x28 build/src/system_stm32f4xx.o
 .debug_macro   0x00000000       0x22 build/src/system_stm32f4xx.o
 .debug_macro   0x00000000       0x87 build/src/system_stm32f4xx.o
 .debug_macro   0x00000000       0x44 build/src/system_stm32f4xx.o
 .debug_macro   0x00000000       0xfd build/src/system_stm32f4xx.o
 .debug_macro   0x00000000       0x5e build/src/system_stm32f4xx.o
 .debug_macro   0x00000000      0x1df build/src/system_stm32f4xx.o
 .debug_macro   0x00000000       0x50 build/src/system_stm32f4xx.o
 .debug_macro   0x00000000      0xe66 build/src/system_stm32f4xx.o
 .debug_macro   0x00000000     0x93f9 build/src/system_stm32f4xx.o
 .text          0x00000000       0x14 build/src/startup_stm32f407xx.o
 .data          0x00000000        0x0 build/src/startup_stm32f407xx.o
 .bss           0x00000000        0x0 build/src/startup_stm32f407xx.o
 .text          0x00000000        0x0 /opt/gcc-arm-none-eabi-5_4-2016q2/bin/../lib/gcc/arm-none-eabi/5.4.1/../../../../arm-none-eabi/lib/armv7e-m/libg.a(lib_a-exit.o)
 .data          0x00000000        0x0 /opt/gcc-arm-none-eabi-5_4-2016q2/bin/../lib/gcc/arm-none-eabi/5.4.1/../../../../arm-none-eabi/lib/armv7e-m/libg.a(lib_a-exit.o)
 .bss           0x00000000        0x0 /opt/gcc-arm-none-eabi-5_4-2016q2/bin/../lib/gcc/arm-none-eabi/5.4.1/../../../../arm-none-eabi/lib/armv7e-m/libg.a(lib_a-exit.o)
 .text.exit     0x00000000       0x20 /opt/gcc-arm-none-eabi-5_4-2016q2/bin/../lib/gcc/arm-none-eabi/5.4.1/../../../../arm-none-eabi/lib/armv7e-m/libg.a(lib_a-exit.o)
 .debug_frame   0x00000000       0x28 /opt/gcc-arm-none-eabi-5_4-2016q2/bin/../lib/gcc/arm-none-eabi/5.4.1/../../../../arm-none-eabi/lib/armv7e-m/libg.a(lib_a-exit.o)
 .ARM.attributes
                0x00000000       0x2e /opt/gcc-arm-none-eabi-5_4-2016q2/bin/../lib/gcc/arm-none-eabi/5.4.1/../../../../arm-none-eabi/lib/armv7e-m/libg.a(lib_a-exit.o)
 .text          0x00000000        0x0 /opt/gcc-arm-none-eabi-5_4-2016q2/bin/../lib/gcc/arm-none-eabi/5.4.1/../../../../arm-none-eabi/lib/armv7e-m/libg.a(lib_a-impure.o)
 .data          0x00000000        0x0 /opt/gcc-arm-none-eabi-5_4-2016q2/bin/../lib/gcc/arm-none-eabi/5.4.1/../../../../arm-none-eabi/lib/armv7e-m/libg.a(lib_a-impure.o)
 .bss           0x00000000        0x0 /opt/gcc-arm-none-eabi-5_4-2016q2/bin/../lib/gcc/arm-none-eabi/5.4.1/../../../../arm-none-eabi/lib/armv7e-m/libg.a(lib_a-impure.o)
 .data._impure_ptr
                0x00000000        0x4 /opt/gcc-arm-none-eabi-5_4-2016q2/bin/../lib/gcc/arm-none-eabi/5.4.1/../../../../arm-none-eabi/lib/armv7e-m/libg.a(lib_a-impure.o)
 .text          0x00000000        0x0 /opt/gcc-arm-none-eabi-5_4-2016q2/bin/../lib/gcc/arm-none-eabi/5.4.1/../../../../arm-none-eabi/lib/armv7e-m/libg.a(lib_a-init.o)
 .data          0x00000000        0x0 /opt/gcc-arm-none-eabi-5_4-2016q2/bin/../lib/gcc/arm-none-eabi/5.4.1/../../../../arm-none-eabi/lib/armv7e-m/libg.a(lib_a-init.o)
 .bss           0x00000000        0x0 /opt/gcc-arm-none-eabi-5_4-2016q2/bin/../lib/gcc/arm-none-eabi/5.4.1/../../../../arm-none-eabi/lib/armv7e-m/libg.a(lib_a-init.o)
 .text          0x00000000        0x0 /opt/gcc-arm-none-eabi-5_4-2016q2/bin/../lib/gcc/arm-none-eabi/5.4.1/../../../../arm-none-eabi/lib/armv7e-m/libg.a(lib_a-memset.o)
 .data          0x00000000        0x0 /opt/gcc-arm-none-eabi-5_4-2016q2/bin/../lib/gcc/arm-none-eabi/5.4.1/../../../../arm-none-eabi/lib/armv7e-m/libg.a(lib_a-memset.o)
 .bss           0x00000000        0x0 /opt/gcc-arm-none-eabi-5_4-2016q2/bin/../lib/gcc/arm-none-eabi/5.4.1/../../../../arm-none-eabi/lib/armv7e-m/libg.a(lib_a-memset.o)
 .text.memset   0x00000000       0x9c /opt/gcc-arm-none-eabi-5_4-2016q2/bin/../lib/gcc/arm-none-eabi/5.4.1/../../../../arm-none-eabi/lib/armv7e-m/libg.a(lib_a-memset.o)
 .debug_frame   0x00000000       0x34 /opt/gcc-arm-none-eabi-5_4-2016q2/bin/../lib/gcc/arm-none-eabi/5.4.1/../../../../arm-none-eabi/lib/armv7e-m/libg.a(lib_a-memset.o)
 .ARM.attributes
                0x00000000       0x2e /opt/gcc-arm-none-eabi-5_4-2016q2/bin/../lib/gcc/arm-none-eabi/5.4.1/../../../../arm-none-eabi/lib/armv7e-m/libg.a(lib_a-memset.o)
 .text          0x00000000        0x0 /opt/gcc-arm-none-eabi-5_4-2016q2/bin/../lib/gcc/arm-none-eabi/5.4.1/../../../../arm-none-eabi/lib/armv7e-m/libg.a(lib_a-__call_atexit.o)
 .data          0x00000000        0x0 /opt/gcc-arm-none-eabi-5_4-2016q2/bin/../lib/gcc/arm-none-eabi/5.4.1/../../../../arm-none-eabi/lib/armv7e-m/libg.a(lib_a-__call_atexit.o)
 .bss           0x00000000        0x0 /opt/gcc-arm-none-eabi-5_4-2016q2/bin/../lib/gcc/arm-none-eabi/5.4.1/../../../../arm-none-eabi/lib/armv7e-m/libg.a(lib_a-__call_atexit.o)
 .text.__call_exitprocs
                0x00000000       0xd8 /opt/gcc-arm-none-eabi-5_4-2016q2/bin/../lib/gcc/arm-none-eabi/5.4.1/../../../../arm-none-eabi/lib/armv7e-m/libg.a(lib_a-__call_atexit.o)
 .text          0x00000000        0x0 /opt/gcc-arm-none-eabi-5_4-2016q2/bin/../lib/gcc/arm-none-eabi/5.4.1/../../../../arm-none-eabi/lib/armv7e-m/libg.a(lib_a-atexit.o)
 .data          0x00000000        0x0 /opt/gcc-arm-none-eabi-5_4-2016q2/bin/../lib/gcc/arm-none-eabi/5.4.1/../../../../arm-none-eabi/lib/armv7e-m/libg.a(lib_a-atexit.o)
 .bss           0x00000000        0x0 /opt/gcc-arm-none-eabi-5_4-2016q2/bin/../lib/gcc/arm-none-eabi/5.4.1/../../../../arm-none-eabi/lib/armv7e-m/libg.a(lib_a-atexit.o)
 .text          0x00000000        0x0 /opt/gcc-arm-none-eabi-5_4-2016q2/bin/../lib/gcc/arm-none-eabi/5.4.1/../../../../arm-none-eabi/lib/armv7e-m/libg.a(lib_a-fini.o)
 .data          0x00000000        0x0 /opt/gcc-arm-none-eabi-5_4-2016q2/bin/../lib/gcc/arm-none-eabi/5.4.1/../../../../arm-none-eabi/lib/armv7e-m/libg.a(lib_a-fini.o)
 .bss           0x00000000        0x0 /opt/gcc-arm-none-eabi-5_4-2016q2/bin/../lib/gcc/arm-none-eabi/5.4.1/../../../../arm-none-eabi/lib/armv7e-m/libg.a(lib_a-fini.o)
 .text          0x00000000        0x0 /opt/gcc-arm-none-eabi-5_4-2016q2/bin/../lib/gcc/arm-none-eabi/5.4.1/../../../../arm-none-eabi/lib/armv7e-m/libg.a(lib_a-__atexit.o)
 .data          0x00000000        0x0 /opt/gcc-arm-none-eabi-5_4-2016q2/bin/../lib/gcc/arm-none-eabi/5.4.1/../../../../arm-none-eabi/lib/armv7e-m/libg.a(lib_a-__atexit.o)
 .bss           0x00000000        0x0 /opt/gcc-arm-none-eabi-5_4-2016q2/bin/../lib/gcc/arm-none-eabi/5.4.1/../../../../arm-none-eabi/lib/armv7e-m/libg.a(lib_a-__atexit.o)
 .text          0x00000000        0x0 /opt/gcc-arm-none-eabi-5_4-2016q2/bin/../lib/gcc/arm-none-eabi/5.4.1/armv7e-m/crtend.o
 .data          0x00000000        0x0 /opt/gcc-arm-none-eabi-5_4-2016q2/bin/../lib/gcc/arm-none-eabi/5.4.1/armv7e-m/crtend.o
 .bss           0x00000000        0x0 /opt/gcc-arm-none-eabi-5_4-2016q2/bin/../lib/gcc/arm-none-eabi/5.4.1/armv7e-m/crtend.o
 .eh_frame      0x00000000        0x4 /opt/gcc-arm-none-eabi-5_4-2016q2/bin/../lib/gcc/arm-none-eabi/5.4.1/armv7e-m/crtend.o
 .jcr           0x00000000        0x4 /opt/gcc-arm-none-eabi-5_4-2016q2/bin/../lib/gcc/arm-none-eabi/5.4.1/armv7e-m/crtend.o
 .ARM.attributes
                0x00000000       0x2e /opt/gcc-arm-none-eabi-5_4-2016q2/bin/../lib/gcc/arm-none-eabi/5.4.1/armv7e-m/crtend.o
 .text          0x00000000        0x0 /opt/gcc-arm-none-eabi-5_4-2016q2/bin/../lib/gcc/arm-none-eabi/5.4.1/armv7e-m/crtn.o
 .data          0x00000000        0x0 /opt/gcc-arm-none-eabi-5_4-2016q2/bin/../lib/gcc/arm-none-eabi/5.4.1/armv7e-m/crtn.o
 .bss           0x00000000        0x0 /opt/gcc-arm-none-eabi-5_4-2016q2/bin/../lib/gcc/arm-none-eabi/5.4.1/armv7e-m/crtn.o

Memory Configuration

Name             Origin             Length             Attributes
FLASH            0x08000000         0x00100000         xr
RAM              0x20000000         0x00020000         xrw
CCMRAM           0x10000000         0x00010000         rw
*default*        0x00000000         0xffffffff

Linker script and memory map

LOAD /opt/gcc-arm-none-eabi-5_4-2016q2/bin/../lib/gcc/arm-none-eabi/5.4.1/armv7e-m/crti.o
LOAD /opt/gcc-arm-none-eabi-5_4-2016q2/bin/../lib/gcc/arm-none-eabi/5.4.1/armv7e-m/crtbegin.o
LOAD /opt/gcc-arm-none-eabi-5_4-2016q2/bin/../lib/gcc/arm-none-eabi/5.4.1/../../../../arm-none-eabi/lib/armv7e-m/crt0.o
LOAD build/src/main.o
LOAD build/src/system_stm32f4xx.o
LOAD build/src/startup_stm32f407xx.o
START GROUP
LOAD /opt/gcc-arm-none-eabi-5_4-2016q2/bin/../lib/gcc/arm-none-eabi/5.4.1/armv7e-m/libgcc.a
LOAD /opt/gcc-arm-none-eabi-5_4-2016q2/bin/../lib/gcc/arm-none-eabi/5.4.1/../../../../arm-none-eabi/lib/armv7e-m/libg.a
LOAD /opt/gcc-arm-none-eabi-5_4-2016q2/bin/../lib/gcc/arm-none-eabi/5.4.1/../../../../arm-none-eabi/lib/armv7e-m/libc.a
END GROUP
LOAD /opt/gcc-arm-none-eabi-5_4-2016q2/bin/../lib/gcc/arm-none-eabi/5.4.1/armv7e-m/crtend.o
LOAD /opt/gcc-arm-none-eabi-5_4-2016q2/bin/../lib/gcc/arm-none-eabi/5.4.1/armv7e-m/crtn.o
                0x20020000                _estack = 0x20020000
                0x00000200                _Min_Heap_Size = 0x200
                0x00000400                _Min_Stack_Size = 0x400

.isr_vector     0x08000000      0x188
                0x08000000                . = ALIGN (0x4)
 *(.isr_vector)
 .isr_vector    0x08000000      0x188 build/src/startup_stm32f407xx.o
                0x08000000                g_pfnVectors
                0x08000188                . = ALIGN (0x4)

.text           0x08000188      0x248
                0x08000188                . = ALIGN (0x4)
 *(.text)
 .text          0x08000188       0x5c /opt/gcc-arm-none-eabi-5_4-2016q2/bin/../lib/gcc/arm-none-eabi/5.4.1/armv7e-m/crtbegin.o
 *(.text*)
 .text.main     0x080001e4        0x4 build/src/main.o
                0x080001e4                main
 .text.SystemInit
                0x080001e8       0x40 build/src/system_stm32f4xx.o
                0x080001e8                SystemInit
 .text.Reset_Handler
                0x08000228       0x50 build/src/startup_stm32f407xx.o
                0x08000228                Reset_Handler
 .text.Default_Handler
                0x08000278        0x2 build/src/startup_stm32f407xx.o
                0x08000278                RTC_Alarm_IRQHandler
                0x08000278                HASH_RNG_IRQHandler
                0x08000278                EXTI2_IRQHandler
                0x08000278                TIM8_CC_IRQHandler
                0x08000278                DebugMon_Handler
                0x08000278                TIM1_CC_IRQHandler
                0x08000278                DMA2_Stream5_IRQHandler
                0x08000278                HardFault_Handler
                0x08000278                DMA1_Stream5_IRQHandler
                0x08000278                SysTick_Handler
                0x08000278                PVD_IRQHandler
                0x08000278                SDIO_IRQHandler
                0x08000278                TAMP_STAMP_IRQHandler
                0x08000278                PendSV_Handler
                0x08000278                NMI_Handler
                0x08000278                CAN2_RX1_IRQHandler
                0x08000278                EXTI3_IRQHandler
                0x08000278                TIM8_TRG_COM_TIM14_IRQHandler
                0x08000278                TIM1_UP_TIM10_IRQHandler
                0x08000278                TIM8_UP_TIM13_IRQHandler
                0x08000278                I2C3_ER_IRQHandler
                0x08000278                EXTI0_IRQHandler
                0x08000278                I2C2_EV_IRQHandler
                0x08000278                DMA1_Stream2_IRQHandler
                0x08000278                CAN1_RX0_IRQHandler
                0x08000278                FPU_IRQHandler
                0x08000278                OTG_HS_WKUP_IRQHandler
                0x08000278                UsageFault_Handler
                0x08000278                CAN2_SCE_IRQHandler
                0x08000278                DMA2_Stream2_IRQHandler
                0x08000278                SPI1_IRQHandler
                0x08000278                TIM6_DAC_IRQHandler
                0x08000278                TIM1_BRK_TIM9_IRQHandler
                0x08000278                DCMI_IRQHandler
                0x08000278                CAN2_RX0_IRQHandler
                0x08000278                DMA2_Stream3_IRQHandler
                0x08000278                USART6_IRQHandler
                0x08000278                USART3_IRQHandler
                0x08000278                CAN1_RX1_IRQHandler
                0x08000278                UART5_IRQHandler
                0x08000278                DMA2_Stream0_IRQHandler
                0x08000278                TIM4_IRQHandler
                0x08000278                I2C1_EV_IRQHandler
                0x08000278                DMA1_Stream6_IRQHandler
                0x08000278                DMA1_Stream1_IRQHandler
                0x08000278                UART4_IRQHandler
                0x08000278                TIM3_IRQHandler
                0x08000278                RCC_IRQHandler
                0x08000278                TIM8_BRK_TIM12_IRQHandler
                0x08000278                Default_Handler
                0x08000278                EXTI15_10_IRQHandler
                0x08000278                ADC_IRQHandler
                0x08000278                DMA1_Stream7_IRQHandler
                0x08000278                TIM7_IRQHandler
                0x08000278                CAN2_TX_IRQHandler
                0x08000278                TIM5_IRQHandler
                0x08000278                DMA2_Stream7_IRQHandler
                0x08000278                I2C3_EV_IRQHandler
                0x08000278                EXTI9_5_IRQHandler
                0x08000278                RTC_WKUP_IRQHandler
                0x08000278                ETH_WKUP_IRQHandler
                0x08000278                SPI2_IRQHandler
                0x08000278                OTG_HS_EP1_IN_IRQHandler
                0x08000278                MemManage_Handler
                0x08000278                DMA1_Stream0_IRQHandler
                0x08000278                CAN1_TX_IRQHandler
                0x08000278                SVC_Handler
                0x08000278                EXTI4_IRQHandler
                0x08000278                FSMC_IRQHandler
                0x08000278                ETH_IRQHandler
                0x08000278                OTG_HS_EP1_OUT_IRQHandler
                0x08000278                WWDG_IRQHandler
                0x08000278                TIM2_IRQHandler
                0x08000278                OTG_FS_WKUP_IRQHandler
                0x08000278                TIM1_TRG_COM_TIM11_IRQHandler
                0x08000278                OTG_HS_IRQHandler
                0x08000278                EXTI1_IRQHandler
                0x08000278                USART2_IRQHandler
                0x08000278                I2C2_ER_IRQHandler
                0x08000278                DMA2_Stream1_IRQHandler
                0x08000278                CAN1_SCE_IRQHandler
                0x08000278                FLASH_IRQHandler
                0x08000278                DMA2_Stream4_IRQHandler
                0x08000278                BusFault_Handler
                0x08000278                USART1_IRQHandler
                0x08000278                OTG_FS_IRQHandler
                0x08000278                SPI3_IRQHandler
                0x08000278                DMA1_Stream4_IRQHandler
                0x08000278                I2C1_ER_IRQHandler
                0x08000278                DMA2_Stream6_IRQHandler
                0x08000278                DMA1_Stream3_IRQHandler
 *fill*         0x0800027a        0x2 
 .text.__libc_init_array
                0x0800027c       0x50 /opt/gcc-arm-none-eabi-5_4-2016q2/bin/../lib/gcc/arm-none-eabi/5.4.1/../../../../arm-none-eabi/lib/armv7e-m/libg.a(lib_a-init.o)
                0x0800027c                __libc_init_array
 .text.startup.register_fini
                0x080002cc       0x14 /opt/gcc-arm-none-eabi-5_4-2016q2/bin/../lib/gcc/arm-none-eabi/5.4.1/../../../../arm-none-eabi/lib/armv7e-m/libg.a(lib_a-__call_atexit.o)
 .text.atexit   0x080002e0        0xc /opt/gcc-arm-none-eabi-5_4-2016q2/bin/../lib/gcc/arm-none-eabi/5.4.1/../../../../arm-none-eabi/lib/armv7e-m/libg.a(lib_a-atexit.o)
                0x080002e0                atexit
 .text.__libc_fini_array
                0x080002ec       0x28 /opt/gcc-arm-none-eabi-5_4-2016q2/bin/../lib/gcc/arm-none-eabi/5.4.1/../../../../arm-none-eabi/lib/armv7e-m/libg.a(lib_a-fini.o)
                0x080002ec                __libc_fini_array
 .text.__register_exitproc
                0x08000314       0xa4 /opt/gcc-arm-none-eabi-5_4-2016q2/bin/../lib/gcc/arm-none-eabi/5.4.1/../../../../arm-none-eabi/lib/armv7e-m/libg.a(lib_a-__atexit.o)
                0x08000314                __register_exitproc
 *(.glue_7)
 .glue_7        0x080003b8        0x0 linker stubs
 *(.glue_7t)
 .glue_7t       0x080003b8        0x0 linker stubs
 *(.eh_frame)
 .eh_frame      0x080003b8        0x0 /opt/gcc-arm-none-eabi-5_4-2016q2/bin/../lib/gcc/arm-none-eabi/5.4.1/armv7e-m/crtbegin.o
 *(.init)
 .init          0x080003b8        0x4 /opt/gcc-arm-none-eabi-5_4-2016q2/bin/../lib/gcc/arm-none-eabi/5.4.1/armv7e-m/crti.o
                0x080003b8                _init
 .init          0x080003bc        0x8 /opt/gcc-arm-none-eabi-5_4-2016q2/bin/../lib/gcc/arm-none-eabi/5.4.1/armv7e-m/crtn.o
 *(.fini)
 .fini          0x080003c4        0x4 /opt/gcc-arm-none-eabi-5_4-2016q2/bin/../lib/gcc/arm-none-eabi/5.4.1/armv7e-m/crti.o
                0x080003c4                _fini
 .fini          0x080003c8        0x8 /opt/gcc-arm-none-eabi-5_4-2016q2/bin/../lib/gcc/arm-none-eabi/5.4.1/armv7e-m/crtn.o
                0x080003d0                . = ALIGN (0x4)
                0x080003d0                _etext = .

.vfp11_veneer   0x080003d0        0x0
 .vfp11_veneer  0x080003d0        0x0 linker stubs

.v4_bx          0x080003d0        0x0
 .v4_bx         0x080003d0        0x0 linker stubs

.iplt           0x080003d0        0x0
 .iplt          0x080003d0        0x0 /opt/gcc-arm-none-eabi-5_4-2016q2/bin/../lib/gcc/arm-none-eabi/5.4.1/armv7e-m/crtbegin.o

.rodata         0x080003d0        0x8
                0x080003d0                . = ALIGN (0x4)
 *(.rodata)
 *(.rodata*)
 .rodata.str1.4
                0x080003d0        0x4 /opt/gcc-arm-none-eabi-5_4-2016q2/bin/../lib/gcc/arm-none-eabi/5.4.1/../../../../arm-none-eabi/lib/armv7e-m/libg.a(lib_a-impure.o)
                                  0x2 (size before relaxing)
 .rodata._global_impure_ptr
                0x080003d4        0x4 /opt/gcc-arm-none-eabi-5_4-2016q2/bin/../lib/gcc/arm-none-eabi/5.4.1/../../../../arm-none-eabi/lib/armv7e-m/libg.a(lib_a-impure.o)
                0x080003d4                _global_impure_ptr
                0x080003d8                . = ALIGN (0x4)

.rel.dyn        0x080003d8        0x0
 .rel.iplt      0x080003d8        0x0 /opt/gcc-arm-none-eabi-5_4-2016q2/bin/../lib/gcc/arm-none-eabi/5.4.1/armv7e-m/crtbegin.o

.ARM.extab
 *(.ARM.extab* .gnu.linkonce.armextab.*)

.ARM            0x080003d8        0x0
                0x080003d8                __exidx_start = .
 *(.ARM.exidx*)
                0x080003d8                __exidx_end = .

.preinit_array  0x080003d8        0x0
                0x080003d8                PROVIDE (__preinit_array_start, .)
 *(.preinit_array*)
                0x080003d8                PROVIDE (__preinit_array_end, .)

.init_array     0x080003d8        0x8
                0x080003d8                PROVIDE (__init_array_start, .)
 *(SORT(.init_array.*))
 .init_array.00000
                0x080003d8        0x4 /opt/gcc-arm-none-eabi-5_4-2016q2/bin/../lib/gcc/arm-none-eabi/5.4.1/../../../../arm-none-eabi/lib/armv7e-m/libg.a(lib_a-__call_atexit.o)
 *(.init_array*)
 .init_array    0x080003dc        0x4 /opt/gcc-arm-none-eabi-5_4-2016q2/bin/../lib/gcc/arm-none-eabi/5.4.1/armv7e-m/crtbegin.o
                0x080003e0                PROVIDE (__init_array_end, .)

.fini_array     0x080003e0        0x4
                0x080003e0                PROVIDE (__fini_array_start, .)
 *(SORT(.fini_array.*))
 *(.fini_array*)
 .fini_array    0x080003e0        0x4 /opt/gcc-arm-none-eabi-5_4-2016q2/bin/../lib/gcc/arm-none-eabi/5.4.1/armv7e-m/crtbegin.o
                0x080003e4                PROVIDE (__fini_array_end, .)
                0x080003e4                _sidata = LOADADDR (.data)

.data           0x20000000      0x428 load address 0x080003e4
                0x20000000                . = ALIGN (0x4)
                0x20000000                _sdata = .
 *(.data)
 *(.data*)
 .data.impure_data
                0x20000000      0x428 /opt/gcc-arm-none-eabi-5_4-2016q2/bin/../lib/gcc/arm-none-eabi/5.4.1/../../../../arm-none-eabi/lib/armv7e-m/libg.a(lib_a-impure.o)
                0x20000428                . = ALIGN (0x4)
                0x20000428                _edata = .
                0x0800080c                _siccmram = LOADADDR (.ccmram)

.jcr            0x20000428        0x0 load address 0x0800080c
 .jcr           0x20000428        0x0 /opt/gcc-arm-none-eabi-5_4-2016q2/bin/../lib/gcc/arm-none-eabi/5.4.1/armv7e-m/crtbegin.o

.igot.plt       0x20000428        0x0 load address 0x0800080c
 .igot.plt      0x20000428        0x0 /opt/gcc-arm-none-eabi-5_4-2016q2/bin/../lib/gcc/arm-none-eabi/5.4.1/armv7e-m/crtbegin.o

.ccmram         0x10000000        0x0 load address 0x0800080c
                0x10000000                . = ALIGN (0x4)
                0x10000000                _sccmram = .
 *(.ccmram)
 *(.ccmram*)
                0x10000000                . = ALIGN (0x4)
                0x10000000                _eccmram = .
                0x10000000                . = ALIGN (0x4)

.bss            0x20000428       0x1c
                0x20000428                _sbss = .
                0x20000428                __bss_start__ = _sbss
 *(.bss)
 .bss           0x20000428       0x1c /opt/gcc-arm-none-eabi-5_4-2016q2/bin/../lib/gcc/arm-none-eabi/5.4.1/armv7e-m/crtbegin.o
 *(.bss*)
 *(COMMON)
                0x20000444                . = ALIGN (0x4)
                0x20000444                _ebss = .
                0x20000444                __bss_end__ = _ebss

._user_heap_stack
                0x20000444      0x600
                0x20000444                . = ALIGN (0x4)
                [!provide]                PROVIDE (end, .)
                [!provide]                PROVIDE (_end, .)
                0x20000644                . = (. + _Min_Heap_Size)
 *fill*         0x20000444      0x200 
                0x20000a44                . = (. + _Min_Stack_Size)
 *fill*         0x20000644      0x400 
                0x20000a44                . = ALIGN (0x4)

/DISCARD/
 libc.a(*)
 libm.a(*)
 libgcc.a(*)

.ARM.attributes
                0x00000000       0x2a
 *(.ARM.attributes)
 .ARM.attributes
                0x00000000       0x1e /opt/gcc-arm-none-eabi-5_4-2016q2/bin/../lib/gcc/arm-none-eabi/5.4.1/armv7e-m/crti.o
 .ARM.attributes
                0x0000001e       0x2e /opt/gcc-arm-none-eabi-5_4-2016q2/bin/../lib/gcc/arm-none-eabi/5.4.1/armv7e-m/crtbegin.o
 .ARM.attributes
                0x0000004c       0x33 build/src/main.o
 .ARM.attributes
                0x0000007f       0x33 build/src/system_stm32f4xx.o
 .ARM.attributes
                0x000000b2       0x21 build/src/startup_stm32f407xx.o
 .ARM.attributes
                0x000000d3       0x2e /opt/gcc-arm-none-eabi-5_4-2016q2/bin/../lib/gcc/arm-none-eabi/5.4.1/../../../../arm-none-eabi/lib/armv7e-m/libg.a(lib_a-impure.o)
 .ARM.attributes
                0x00000101       0x2e /opt/gcc-arm-none-eabi-5_4-2016q2/bin/../lib/gcc/arm-none-eabi/5.4.1/../../../../arm-none-eabi/lib/armv7e-m/libg.a(lib_a-init.o)
 .ARM.attributes
                0x0000012f       0x2e /opt/gcc-arm-none-eabi-5_4-2016q2/bin/../lib/gcc/arm-none-eabi/5.4.1/../../../../arm-none-eabi/lib/armv7e-m/libg.a(lib_a-__call_atexit.o)
 .ARM.attributes
                0x0000015d       0x2e /opt/gcc-arm-none-eabi-5_4-2016q2/bin/../lib/gcc/arm-none-eabi/5.4.1/../../../../arm-none-eabi/lib/armv7e-m/libg.a(lib_a-atexit.o)
 .ARM.attributes
                0x0000018b       0x2e /opt/gcc-arm-none-eabi-5_4-2016q2/bin/../lib/gcc/arm-none-eabi/5.4.1/../../../../arm-none-eabi/lib/armv7e-m/libg.a(lib_a-fini.o)
 .ARM.attributes
                0x000001b9       0x2e /opt/gcc-arm-none-eabi-5_4-2016q2/bin/../lib/gcc/arm-none-eabi/5.4.1/../../../../arm-none-eabi/lib/armv7e-m/libg.a(lib_a-__atexit.o)
 .ARM.attributes
                0x000001e7       0x1e /opt/gcc-arm-none-eabi-5_4-2016q2/bin/../lib/gcc/arm-none-eabi/5.4.1/armv7e-m/crtn.o
OUTPUT(build/blinky.elf elf32-littlearm)

.debug_info     0x00000000      0x628
 .debug_info    0x00000000      0x102 build/src/main.o
 .debug_info    0x00000102      0x4d1 build/src/system_stm32f4xx.o
 .debug_info    0x000005d3       0x55 build/src/startup_stm32f407xx.o

.debug_abbrev   0x00000000      0x1b9
 .debug_abbrev  0x00000000       0xa3 build/src/main.o
 .debug_abbrev  0x000000a3      0x104 build/src/system_stm32f4xx.o
 .debug_abbrev  0x000001a7       0x12 build/src/startup_stm32f407xx.o

.debug_loc      0x00000000      0x151
 .debug_loc     0x00000000       0x1f build/src/main.o
 .debug_loc     0x0000001f      0x132 build/src/system_stm32f4xx.o

.debug_aranges  0x00000000       0x78
 .debug_aranges
                0x00000000       0x28 build/src/main.o
 .debug_aranges
                0x00000028       0x28 build/src/system_stm32f4xx.o
 .debug_aranges
                0x00000050       0x28 build/src/startup_stm32f407xx.o

.debug_ranges   0x00000000       0x50
 .debug_ranges  0x00000000       0x18 build/src/main.o
 .debug_ranges  0x00000018       0x18 build/src/system_stm32f4xx.o
 .debug_ranges  0x00000030       0x20 build/src/startup_stm32f407xx.o

.debug_macro    0x00000000     0xba67
 .debug_macro   0x00000000       0xb5 build/src/main.o
 .debug_macro   0x000000b5      0x87a build/src/main.o
 .debug_macro   0x0000092f       0x22 build/src/main.o
 .debug_macro   0x00000951       0x87 build/src/main.o
 .debug_macro   0x000009d8       0x44 build/src/main.o
 .debug_macro   0x00000a1c       0xfd build/src/main.o
 .debug_macro   0x00000b19       0x5e build/src/main.o
 .debug_macro   0x00000b77      0x1df build/src/main.o
 .debug_macro   0x00000d56       0x28 build/src/main.o
 .debug_macro   0x00000d7e       0x3b build/src/main.o
 .debug_macro   0x00000db9       0x50 build/src/main.o
 .debug_macro   0x00000e09      0xe66 build/src/main.o
 .debug_macro   0x00001c6f     0x93f9 build/src/main.o
 .debug_macro   0x0000b068       0xdc build/src/system_stm32f4xx.o
 .debug_macro   0x0000b144      0x87a build/src/system_stm32f4xx.o
 .debug_macro   0x0000b9be       0x31 build/src/system_stm32f4xx.o
 .debug_macro   0x0000b9ef       0x35 build/src/system_stm32f4xx.o
 .debug_macro   0x0000ba24       0x43 build/src/system_stm32f4xx.o

.debug_line     0x00000000      0x51c
 .debug_line    0x00000000      0x243 build/src/main.o
 .debug_line    0x00000243      0x261 build/src/system_stm32f4xx.o
 .debug_line    0x000004a4       0x78 build/src/startup_stm32f407xx.o

.debug_str      0x00000000    0x30b16
 .debug_str     0x00000000    0x305f8 build/src/main.o
                              0x30764 (size before relaxing)
 .debug_str     0x000305f8      0x51e build/src/system_stm32f4xx.o
                              0x30c63 (size before relaxing)

.comment        0x00000000       0x6e
 .comment       0x00000000       0x6e build/src/main.o
                                 0x6f (size before relaxing)
 .comment       0x0000006e       0x6f build/src/system_stm32f4xx.o

.debug_frame    0x00000000      0x164
 .debug_frame   0x00000000       0x30 build/src/main.o
 .debug_frame   0x00000030       0x30 build/src/system_stm32f4xx.o
 .debug_frame   0x00000060       0x2c /opt/gcc-arm-none-eabi-5_4-2016q2/bin/../lib/gcc/arm-none-eabi/5.4.1/../../../../arm-none-eabi/lib/armv7e-m/libg.a(lib_a-init.o)
 .debug_frame   0x0000008c       0x50 /opt/gcc-arm-none-eabi-5_4-2016q2/bin/../lib/gcc/arm-none-eabi/5.4.1/../../../../arm-none-eabi/lib/armv7e-m/libg.a(lib_a-__call_atexit.o)
 .debug_frame   0x000000dc       0x20 /opt/gcc-arm-none-eabi-5_4-2016q2/bin/../lib/gcc/arm-none-eabi/5.4.1/../../../../arm-none-eabi/lib/armv7e-m/libg.a(lib_a-atexit.o)
 .debug_frame   0x000000fc       0x34 /opt/gcc-arm-none-eabi-5_4-2016q2/bin/../lib/gcc/arm-none-eabi/5.4.1/../../../../arm-none-eabi/lib/armv7e-m/libg.a(lib_a-fini.o)
 .debug_frame   0x00000130       0x34 /opt/gcc-arm-none-eabi-5_4-2016q2/bin/../lib/gcc/arm-none-eabi/5.4.1/../../../../arm-none-eabi/lib/armv7e-m/libg.a(lib_a-__atexit.o)
